             VMA              LMA     Size Align Out     In      Symbol
             270              270       98     4 .note.android.ident
             270              270       98     4         /opt/android-sdk/android-ndk-r27c/toolchains/llvm/prebuilt/linux-x86_64/bin/../sysroot/usr/lib/aarch64-linux-android/30/crtbegin_so.o:(.note.android.ident)
             270              270       98     1                 note_android_ident
             270              270        0     1                 $d.0
             27c              27c        0     1                 note_name
             284              284        0     1                 note_data
             288              288        0     1                 ndk_version
             2c8              2c8        0     1                 ndk_build_number
             308              308        0     1                 note_end
             308              308      a80     8 .dynsym
             308              308      a80     8         <internal>:(.dynsym)
             d88              d88       e0     2 .gnu.version
             d88              d88       e0     2         <internal>:(.gnu.version)
             e68              e68       20     4 .gnu.version_r
             e68              e68       20     4         <internal>:(.gnu.version_r)
             e88              e88       20     8 .gnu.hash
             e88              e88       20     8         <internal>:(.gnu.hash)
             ea8              ea8      6ed     1 .dynstr
             ea8              ea8      6ed     1         <internal>:(.dynstr)
            1598             1598       90     8 .rela.dyn
            1598             1598       90     8         <internal>:(.rela.dyn)
            1628             1628      a20     8 .rela.plt
            1628             1628      a20     8         <internal>:(.rela.plt)
            2048             2048     1455     8 .rodata
            2048             2048       48     8         <internal>:(.rodata.cst8)
            2090             2090      c3f     1         <internal>:(.rodata.str1.1)
            2cd0             2cd0       44     4         /tmp/main-acab56.o:(.rodata.config_attribute_list)
            2cd0             2cd0       44     1                 config_attribute_list
            2cd0             2cd0        0     1                 $d.105
            2d14             2d14        c     4         /tmp/main-acab56.o:(.rodata.context_attribute_list)
            2d14             2d14        c     1                 context_attribute_list
            2d14             2d14        0     1                 $d.107
            2d20             2d20      200     2         /tmp/main-acab56.o:(.rodata.RawdrawFontCharMap)
            2d20             2d20        0     1                 $d.112
            2d20             2d20      200     1                 RawdrawFontCharMap
            2f20             2f20      57d     1         /tmp/main-acab56.o:(.rodata.RawdrawFontCharData)
            2f20             2f20        0     1                 $d.113
            2f20             2f20      57d     1                 RawdrawFontCharData
            34a0             34a0      214     4 .eh_frame_hdr
            34a0             34a0      214     4         <internal>:(.eh_frame_hdr)
            36b8             36b8      c54     8 .eh_frame
            36b8             36b8       90     1         /opt/android-sdk/android-ndk-r27c/toolchains/llvm/prebuilt/linux-x86_64/bin/../sysroot/usr/lib/aarch64-linux-android/30/crtbegin_so.o:(.eh_frame+0x0)
            3748             3748       cc     1         /tmp/main-acab56.o:(.eh_frame+0x28)
            3814             3814       94     1         /tmp/main-acab56.o:(.eh_frame+0x11c)
            38a8             38a8      1bc     1         /tmp/main-acab56.o:(.eh_frame+0x1c4)
            3a64             3a64       3c     1         /tmp/main-acab56.o:(.eh_frame+0x3b4)
            3aa0             3aa0       34     1         /tmp/main-acab56.o:(.eh_frame+0x4a4)
            3ad4             3ad4       90     1         /tmp/main-acab56.o:(.eh_frame+0x538)
            3b64             3b64       54     1         /tmp/main-acab56.o:(.eh_frame+0x5dc)
            3bb8             3bb8       8c     1         /tmp/main-acab56.o:(.eh_frame+0x678)
            3c44             3c44       28     1         /tmp/main-acab56.o:(.eh_frame+0x80c)
            3c6c             3c6c       5c     1         /tmp/main-acab56.o:(.eh_frame+0xbb4)
            3cc8             3cc8       54     1         /tmp/main-acab56.o:(.eh_frame+0xc74)
            3d1c             3d1c       34     1         /tmp/main-acab56.o:(.eh_frame+0xcf0)
            3d50             3d50       48     1         /tmp/main-acab56.o:(.eh_frame+0xd60)
            3d98             3d98       68     1         /tmp/main-acab56.o:(.eh_frame+0xdd0)
            3e00             3e00       f4     1         /tmp/android_native_app_glue-23d0a2.o:(.eh_frame+0x14)
            3ef4             3ef4      270     1         /tmp/android_native_app_glue-23d0a2.o:(.eh_frame+0x11c)
            4164             4164      1a4     1         /tmp/android_native_app_glue-23d0a2.o:(.eh_frame+0x3b4)
            530c             530c     3fe0     4 .text
            530c             530c       60     4         /opt/android-sdk/android-ndk-r27c/toolchains/llvm/prebuilt/linux-x86_64/bin/../sysroot/usr/lib/aarch64-linux-android/30/crtbegin_so.o:(.text)
            530c             530c       10     1                 __on_dlclose
            530c             530c        0     1                 $x.1
            531c             531c        8     1                 __emutls_unregister_key
            5324             5324        8     1                 __on_dlclose_late
            532c             532c       14     1                 __atexit_handler_wrapper
            5340             5340       1c     1                 atexit
            535c             535c       10     1                 pthread_atfork
            536c             536c       f0     4         /tmp/main-acab56.o:(.text.CNFGSwapBuffers)
            536c             536c        0     1                 $x.1
            536c             536c       f0     1                 CNFGSwapBuffers
            545c             545c       8c     4         /tmp/main-acab56.o:(.text.CNFGInternalResize)
            545c             545c        0     1                 $x.2
            545c             545c       8c     1                 CNFGInternalResize
            54e8             54e8       50     4         /tmp/main-acab56.o:(.text.CNFGGetDimensions)
            54e8             54e8        0     1                 $x.3
            54e8             54e8       50     1                 CNFGGetDimensions
            5538             5538      35c     4         /tmp/main-acab56.o:(.text.CNFGSetup)
            5538             5538        0     1                 $x.4
            5538             5538      35c     1                 CNFGSetup
            5894             5894      198     4         /tmp/main-acab56.o:(.text.handle_input)
            5894             5894        0     1                 $x.6
            5894             5894      198     1                 handle_input
            5a2c             5a2c      1bc     4         /tmp/main-acab56.o:(.text.HandleButton)
            5a2c             5a2c        0     1                 $x.7
            5a2c             5a2c      1bc     1                 HandleButton
            5be8             5be8      128     4         /tmp/main-acab56.o:(.text.AndroidGetUnicodeChar)
            5be8             5be8        0     1                 $x.9
            5be8             5be8      128     1                 AndroidGetUnicodeChar
            5d10             5d10      12c     4         /tmp/main-acab56.o:(.text.HandleKey)
            5d10             5d10        0     1                 $x.10
            5d10             5d10      12c     1                 HandleKey
            5e3c             5e3c       70     4         /tmp/main-acab56.o:(.text.CNFGHandleInput)
            5e3c             5e3c        0     1                 $x.11
            5e3c             5e3c       70     1                 CNFGHandleInput
            5eac             5eac      160     4         /tmp/main-acab56.o:(.text.handle_cmd)
            5eac             5eac        0     1                 $x.12
            5eac             5eac      160     1                 handle_cmd
            600c             600c       78     4         /tmp/main-acab56.o:(.text.android_main)
            600c             600c        0     1                 $x.13
            600c             600c       78     1                 android_main
            6084             6084      b18     4         /tmp/main-acab56.o:(.text.main)
            6084             6084        0     1                 $x.15
            6084             6084      b18     1                 main
            6b9c             6b9c      488     4         /tmp/main-acab56.o:(.text.AndroidMakeFullscreen)
            6b9c             6b9c        0     1                 $x.16
            6b9c             6b9c      488     1                 AndroidMakeFullscreen
            7024             7024      314     4         /tmp/main-acab56.o:(.text.AndroidDisplayKeyboard)
            7024             7024        0     1                 $x.18
            7024             7024      314     1                 AndroidDisplayKeyboard
            7338             7338       d0     4         /tmp/main-acab56.o:(.text.AndroidSendToBack)
            7338             7338        0     1                 $x.22
            7338             7338       d0     1                 AndroidSendToBack
            7408             7408       a8     4         /tmp/main-acab56.o:(.text.CNFGTackSegment)
            7408             7408        0     1                 $x.26
            7408             7408       a8     1                 CNFGTackSegment
            74b0             74b0      174     4         /tmp/main-acab56.o:(.text.CNFGDrawText)
            74b0             74b0        0     1                 $x.27
            74b0             74b0      174     1                 CNFGDrawText
            7624             7624       4c     4         /tmp/main-acab56.o:(.text.CNFGTackPixel)
            7624             7624        0     1                 $x.28
            7624             7624       4c     1                 CNFGTackPixel
            7670             7670       d4     4         /tmp/main-acab56.o:(.text.EmitQuad)
            7670             7670       d4     1                 EmitQuad
            7670             7670        0     1                 $x.30
            7744             7744      244     4         /tmp/main-acab56.o:(.text.CNFGGLInternalLoadShader)
            7744             7744        0     1                 $x.33
            7744             7744      244     1                 CNFGGLInternalLoadShader
            7988             7988      104     4         /tmp/main-acab56.o:(.text.CNFGSetupBatchInternal)
            7988             7988        0     1                 $x.34
            7988             7988      104     1                 CNFGSetupBatchInternal
            7a8c             7a8c       bc     4         /tmp/main-acab56.o:(.text.CNFGEmitBackendTriangles)
            7a8c             7a8c        0     1                 $x.35
            7a8c             7a8c       bc     1                 CNFGEmitBackendTriangles
            7b48             7b48       60     4         /tmp/main-acab56.o:(.text.CNFGClearFrame)
            7b48             7b48        0     1                 $x.42
            7b48             7b48       60     1                 CNFGClearFrame
            7ba8             7ba8       4c     4         /tmp/main-acab56.o:(.text.strappend)
            7ba8             7ba8        0     1                 $x.73
            7ba8             7ba8       4c     1                 strappend
            7bf4             7bf4       48     4         /tmp/main-acab56.o:(.text.strbackspace)
            7bf4             7bf4        0     1                 $x.74
            7bf4             7bf4       48     1                 strbackspace
            7c3c             7c3c       e0     4         /tmp/main-acab56.o:(.text.generateOutput)
            7c3c             7c3c        0     1                 $x.80
            7c3c             7c3c       e0     1                 generateOutput
            7d1c             7d1c      108     4         /tmp/main-acab56.o:(.text.sendData)
            7d1c             7d1c        0     1                 $x.81
            7d1c             7d1c      108     1                 sendData
            7e24             7e24      114     4         /tmp/main-acab56.o:(.text.renderTextBox)
            7e24             7e24        0     1                 $x.84
            7e24             7e24      114     1                 renderTextBox
            7f38             7f38      4a8     4         /tmp/main-acab56.o:(.text.btnClicked)
            7f38             7f38        0     1                 $x.88
            7f38             7f38      4a8     1                 btnClicked
            83e0             83e0      134     4         /tmp/main-acab56.o:(.text.renderCheckBox)
            83e0             83e0        0     1                 $x.91
            83e0             83e0      134     1                 renderCheckBox
            8514             8514      10c     4         /tmp/main-acab56.o:(.text.renderButton)
            8514             8514        0     1                 $x.92
            8514             8514      10c     1                 renderButton
            8620             8620       60     4         /tmp/android_native_app_glue-23d0a2.o:(.text.android_app_read_cmd)
            8620             8620        0     1                 $x.0
            8620             8620       60     1                 android_app_read_cmd
            8680             8680       3c     4         /tmp/android_native_app_glue-23d0a2.o:(.text.free_saved_state)
            8680             8680       3c     1                 free_saved_state
            8680             8680        0     1                 $x.1
            86bc             86bc      160     4         /tmp/android_native_app_glue-23d0a2.o:(.text.android_app_pre_exec_cmd)
            86bc             86bc        0     1                 $x.2
            86bc             86bc      160     1                 android_app_pre_exec_cmd
            881c             881c       9c     4         /tmp/android_native_app_glue-23d0a2.o:(.text.android_app_post_exec_cmd)
            881c             881c        0     1                 $x.3
            881c             881c       9c     1                 android_app_post_exec_cmd
            88b8             88b8      284     4         /tmp/android_native_app_glue-23d0a2.o:(.text.ANativeActivity_onCreate)
            88b8             88b8        0     1                 $x.5
            88b8             88b8      284     1                 ANativeActivity_onCreate
            8b3c             8b3c       88     4         /tmp/android_native_app_glue-23d0a2.o:(.text.onDestroy)
            8b3c             8b3c       88     1                 onDestroy
            8b3c             8b3c        0     1                 $x.6
            8bc4             8bc4       34     4         /tmp/android_native_app_glue-23d0a2.o:(.text.onStart)
            8bc4             8bc4       34     1                 onStart
            8bc4             8bc4        0     1                 $x.7
            8bf8             8bf8       34     4         /tmp/android_native_app_glue-23d0a2.o:(.text.onResume)
            8bf8             8bf8       34     1                 onResume
            8bf8             8bf8        0     1                 $x.8
            8c2c             8c2c       90     4         /tmp/android_native_app_glue-23d0a2.o:(.text.onSaveInstanceState)
            8c2c             8c2c       90     1                 onSaveInstanceState
            8c2c             8c2c        0     1                 $x.9
            8cbc             8cbc       34     4         /tmp/android_native_app_glue-23d0a2.o:(.text.onPause)
            8cbc             8cbc       34     1                 onPause
            8cbc             8cbc        0     1                 $x.10
            8cf0             8cf0       34     4         /tmp/android_native_app_glue-23d0a2.o:(.text.onStop)
            8cf0             8cf0       34     1                 onStop
            8cf0             8cf0        0     1                 $x.11
            8d24             8d24       34     4         /tmp/android_native_app_glue-23d0a2.o:(.text.onConfigurationChanged)
            8d24             8d24       34     1                 onConfigurationChanged
            8d24             8d24        0     1                 $x.12
            8d58             8d58       34     4         /tmp/android_native_app_glue-23d0a2.o:(.text.onLowMemory)
            8d58             8d58       34     1                 onLowMemory
            8d58             8d58        0     1                 $x.13
            8d8c             8d8c       44     4         /tmp/android_native_app_glue-23d0a2.o:(.text.onWindowFocusChanged)
            8d8c             8d8c       44     1                 onWindowFocusChanged
            8d8c             8d8c        0     1                 $x.14
            8dd0             8dd0       3c     4         /tmp/android_native_app_glue-23d0a2.o:(.text.onNativeWindowCreated)
            8dd0             8dd0       3c     1                 onNativeWindowCreated
            8dd0             8dd0        0     1                 $x.15
            8e0c             8e0c       38     4         /tmp/android_native_app_glue-23d0a2.o:(.text.onNativeWindowDestroyed)
            8e0c             8e0c       38     1                 onNativeWindowDestroyed
            8e0c             8e0c        0     1                 $x.16
            8e44             8e44       3c     4         /tmp/android_native_app_glue-23d0a2.o:(.text.onInputQueueCreated)
            8e44             8e44       3c     1                 onInputQueueCreated
            8e44             8e44        0     1                 $x.17
            8e80             8e80       38     4         /tmp/android_native_app_glue-23d0a2.o:(.text.onInputQueueDestroyed)
            8e80             8e80       38     1                 onInputQueueDestroyed
            8e80             8e80        0     1                 $x.18
            8eb8             8eb8       14     4         /tmp/android_native_app_glue-23d0a2.o:(.text.onNativeWindowRedrawNeeded)
            8eb8             8eb8       14     1                 onNativeWindowRedrawNeeded
            8eb8             8eb8        0     1                 $x.19
            8ecc             8ecc       58     4         /tmp/android_native_app_glue-23d0a2.o:(.text.android_app_write_cmd)
            8ecc             8ecc       58     1                 android_app_write_cmd
            8ecc             8ecc        0     1                 $x.21
            8f24             8f24       60     4         /tmp/android_native_app_glue-23d0a2.o:(.text.android_app_set_activity_state)
            8f24             8f24       60     1                 android_app_set_activity_state
            8f24             8f24        0     1                 $x.22
            8f84             8f84       88     4         /tmp/android_native_app_glue-23d0a2.o:(.text.android_app_set_window)
            8f84             8f84       88     1                 android_app_set_window
            8f84             8f84        0     1                 $x.23
            900c             900c       5c     4         /tmp/android_native_app_glue-23d0a2.o:(.text.android_app_set_input)
            900c             900c       5c     1                 android_app_set_input
            900c             900c        0     1                 $x.24
            9068             9068       90     4         /tmp/android_native_app_glue-23d0a2.o:(.text.debug_capture_thread_fn)
            9068             9068       90     1                 debug_capture_thread_fn
            9068             9068        0     1                 $x.25
            90f8             90f8       3c     4         /tmp/android_native_app_glue-23d0a2.o:(.text.process_ui)
            90f8             90f8       3c     1                 process_ui
            90f8             90f8        0     1                 $x.26
            9134             9134       f8     4         /tmp/android_native_app_glue-23d0a2.o:(.text.android_app_entry)
            9134             9134       f8     1                 android_app_entry
            9134             9134        0     1                 $x.27
            922c             922c       4c     4         /tmp/android_native_app_glue-23d0a2.o:(.text.process_cmd)
            922c             922c       4c     1                 process_cmd
            922c             922c        0     1                 $x.28
            9278             9278       74     4         /tmp/android_native_app_glue-23d0a2.o:(.text.process_input)
            9278             9278       74     1                 process_input
            9278             9278        0     1                 $x.29
            92f0             92f0      6e0    16 .plt
            92f0             92f0      6e0    16         <internal>:(.plt)
            a9d0             a9d0        8     8 .data.rel.ro
            a9d0             a9d0        8     8         /opt/android-sdk/android-ndk-r27c/toolchains/llvm/prebuilt/linux-x86_64/bin/../sysroot/usr/lib/aarch64-linux-android/30/crtbegin_so.o:(.data.rel.ro)
            a9d0             a9d0        0     1                 $d.2
            a9d0             a9d0        8     1                 __dso_handle
            a9d8             a9d8       10     8 .fini_array
            a9d8             a9d8        8     8         /opt/android-sdk/android-ndk-r27c/toolchains/llvm/prebuilt/linux-x86_64/bin/../sysroot/usr/lib/aarch64-linux-android/30/crtbegin_so.o:(.fini_array.0)
            a9d8             a9d8        0     1                 $d.3
            a9e0             a9e0        8     8         /opt/android-sdk/android-ndk-r27c/toolchains/llvm/prebuilt/linux-x86_64/bin/../sysroot/usr/lib/aarch64-linux-android/30/crtbegin_so.o:(.fini_array)
            a9e0             a9e0        0     1                 $d.4
            a9e8             a9e8      1d0     8 .dynamic
            a9e8             a9e8      1d0     8         <internal>:(.dynamic)
            abb8             abb8       18     8 .got
            abb8             abb8       18     8         <internal>:(.got)
            abd0             abd0      378     8 .got.plt
            abd0             abd0      378     8         <internal>:(.got.plt)
            af48             af48       b8     1 .relro_padding
            af48             af48        0     1         <internal>:(.relro_padding)
            bf48             bf48       24     4 .data
            bf48             bf48        4     4         /tmp/main-acab56.o:(.data.window_attribute_list)
            bf48             bf48        4     1                 window_attribute_list
            bf48             bf48        0     1                 $d.109
            bf4c             bf4c        4     4         /tmp/main-acab56.o:(.data.wgl_last_width_over_2)
            bf4c             bf4c        4     1                 wgl_last_width_over_2
            bf4c             bf4c        0     1                 $d.118
            bf50             bf50        4     4         /tmp/main-acab56.o:(.data.gRDShaderProg)
            bf50             bf50        0     1                 $d.122
            bf50             bf50        4     1                 gRDShaderProg
            bf54             bf54        4     4         /tmp/main-acab56.o:(.data.gRDBlitProg)
            bf54             bf54        0     1                 $d.123
            bf54             bf54        4     1                 gRDBlitProg
            bf58             bf58        4     4         /tmp/main-acab56.o:(.data.gRDShaderProgUX)
            bf58             bf58        0     1                 $d.124
            bf58             bf58        4     1                 gRDShaderProgUX
            bf5c             bf5c        4     4         /tmp/main-acab56.o:(.data.gRDBlitProgUX)
            bf5c             bf5c        0     1                 $d.125
            bf5c             bf5c        4     1                 gRDBlitProgUX
            bf60             bf60        4     4         /tmp/main-acab56.o:(.data.gRDBlitProgUT)
            bf60             bf60        0     1                 $d.126
            bf60             bf60        4     1                 gRDBlitProgUT
            bf64             bf64        4     4         /tmp/main-acab56.o:(.data.gRDBlitProgTex)
            bf64             bf64        0     1                 $d.127
            bf64             bf64        4     1                 gRDBlitProgTex
            bf68             bf68        4     4         /tmp/main-acab56.o:(.data.focusedTextBox)
            bf68             bf68        0     1                 $d.161
            bf68             bf68        4     1                 focusedTextBox
            bf70             bf70    23120     8 .bss
            bf70             bf70        4     4         /tmp/main-acab56.o:(.bss.override_android_screen_dimensons)
            bf70             bf70        0     1                 $d.95
            bf70             bf70        4     1                 override_android_screen_dimensons
            bf78             bf78        8     8         /tmp/main-acab56.o:(.bss.egl_display)
            bf78             bf78        0     1                 $d.96
            bf78             bf78        8     1                 egl_display
            bf80             bf80        8     8         /tmp/main-acab56.o:(.bss.egl_surface)
            bf80             bf80        0     1                 $d.97
            bf80             bf80        8     1                 egl_surface
            bf88             bf88        8     8         /tmp/main-acab56.o:(.bss.native_window)
            bf88             bf88        0     1                 $d.98
            bf88             bf88        8     1                 native_window
            bf90             bf90        4     4         /tmp/main-acab56.o:(.bss.android_width)
            bf90             bf90        0     1                 $d.99
            bf90             bf90        4     1                 android_width
            bf94             bf94        4     4         /tmp/main-acab56.o:(.bss.android_height)
            bf94             bf94        0     1                 $d.100
            bf94             bf94        4     1                 android_height
            bf98             bf98        2     4         /tmp/main-acab56.o:(.bss.iLastInternalW)
            bf98             bf98        2     1                 iLastInternalW
            bf98             bf98        0     1                 $d.101
            bf9c             bf9c        2     4         /tmp/main-acab56.o:(.bss.iLastInternalH)
            bf9c             bf9c        2     1                 iLastInternalH
            bf9c             bf9c        0     1                 $d.102
            bfa0             bfa0        1     4         /tmp/main-acab56.o:(.bss.OGLESStarted)
            bfa0             bfa0        1     1                 OGLESStarted
            bfa0             bfa0        0     1                 $d.103
            bfa8             bfa8        8     8         /tmp/main-acab56.o:(.bss.egl_config)
            bfa8             bfa8        0     1                 $d.106
            bfa8             bfa8        8     1                 egl_config
            bfb0             bfb0        8     8         /tmp/main-acab56.o:(.bss.egl_context)
            bfb0             bfb0        0     1                 $d.108
            bfb0             bfb0        8     1                 egl_context
            bfb8             bfb8        8     8         /tmp/main-acab56.o:(.bss.HandleCustomEventCallback)
            bfb8             bfb8        0     1                 $d.110
            bfb8             bfb8        8     1                 HandleCustomEventCallback
            bfc0             bfc0        4     4         /tmp/main-acab56.o:(.bss.android_sdk_version)
            bfc0             bfc0        0     1                 $d.111
            bfc0             bfc0        4     1                 android_sdk_version
            bfc4             bfc4        4     4         /tmp/main-acab56.o:(.bss.CNFGLastColor)
            bfc4             bfc4        0     1                 $d.114
            bfc4             bfc4        4     1                 CNFGLastColor
            bfc8             bfc8        4     4         /tmp/main-acab56.o:(.bss.CNFGPenX)
            bfc8             bfc8        0     1                 $d.116
            bfc8             bfc8        4     1                 CNFGPenX
            bfcc             bfcc        4     4         /tmp/main-acab56.o:(.bss.CNFGPenY)
            bfcc             bfcc        0     1                 $d.117
            bfcc             bfcc        4     1                 CNFGPenY
            bfd0             bfd0        4     4         /tmp/main-acab56.o:(.bss.CNFGVertPlace)
            bfd0             bfd0        0     1                 $d.119
            bfd0             bfd0        4     1                 CNFGVertPlace
            bfd4             bfd4    18000     4         /tmp/main-acab56.o:(.bss.CNFGVertDataV)
            bfd4             bfd4        0     1                 $d.120
            bfd4             bfd4    18000     1                 CNFGVertDataV
           23fd4            23fd4     8000     4         /tmp/main-acab56.o:(.bss.CNFGVertDataC)
           23fd4            23fd4        0     1                 $d.121
           23fd4            23fd4     8000     1                 CNFGVertDataC
           2bfd4            2bfd4        4     4         /tmp/main-acab56.o:(.bss.gRDLastResizeW)
           2bfd4            2bfd4        0     1                 $d.128
           2bfd4            2bfd4        4     1                 gRDLastResizeW
           2bfd8            2bfd8        4     4         /tmp/main-acab56.o:(.bss.gRDLastResizeH)
           2bfd8            2bfd8        0     1                 $d.129
           2bfd8            2bfd8        4     1                 gRDLastResizeH
           2bfdc            2bfdc        4     4         /tmp/main-acab56.o:(.bss.CNFGBGColor)
           2bfdc            2bfdc        0     1                 $d.131
           2bfdc            2bfdc        4     1                 CNFGBGColor
           2bfe0            2bfe0        4     4         /tmp/main-acab56.o:(.bss.frames)
           2bfe0            2bfe0        0     1                 $d.140
           2bfe0            2bfe0        4     1                 frames
           2bfe8            2bfe8        8     8         /tmp/main-acab56.o:(.bss.iframeno)
           2bfe8            2bfe8        0     1                 $d.141
           2bfe8            2bfe8        8     1                 iframeno
           2bff0            2bff0        4     4         /tmp/main-acab56.o:(.bss.lastbuttonx)
           2bff0            2bff0        0     1                 $d.142
           2bff0            2bff0        4     1                 lastbuttonx
           2bff4            2bff4        4     4         /tmp/main-acab56.o:(.bss.lastbuttony)
           2bff4            2bff4        0     1                 $d.143
           2bff4            2bff4        4     1                 lastbuttony
           2bff8            2bff8        4     4         /tmp/main-acab56.o:(.bss.lastbid)
           2bff8            2bff8        0     1                 $d.144
           2bff8            2bff8        4     1                 lastbid
           2bffc            2bffc        4     4         /tmp/main-acab56.o:(.bss.lastbt)
           2bffc            2bffc        0     1                 $d.145
           2bffc            2bffc        4     1                 lastbt
           2c000            2c000        4     4         /tmp/main-acab56.o:(.bss.lastmotionx)
           2c000            2c000        0     1                 $d.146
           2c000            2c000        4     1                 lastmotionx
           2c004            2c004        4     4         /tmp/main-acab56.o:(.bss.lastmotiony)
           2c004            2c004        0     1                 $d.147
           2c004            2c004        4     1                 lastmotiony
           2c008            2c008        4     4         /tmp/main-acab56.o:(.bss.lastmask)
           2c008            2c008        0     1                 $d.148
           2c008            2c008        4     1                 lastmask
           2c00c            2c00c        4     4         /tmp/main-acab56.o:(.bss.games)
           2c00c            2c00c        0     1                 $d.158
           2c00c            2c00c        4     1                 games
           2c010            2c010        4     4         /tmp/main-acab56.o:(.bss.checkBoxesN)
           2c010            2c010        0     1                 $d.159
           2c010            2c010        4     1                 checkBoxesN
           2c014            2c014        4     4         /tmp/main-acab56.o:(.bss.buttonsN)
           2c014            2c014        0     1                 $d.160
           2c014            2c014        4     1                 buttonsN
           2c018            2c018        4     4         /tmp/main-acab56.o:(.bss.textBoxesN)
           2c018            2c018        0     1                 $d.162
           2c018            2c018        4     1                 textBoxesN
           2c020            2c020      500     8         /tmp/main-acab56.o:(.bss.textBoxes)
           2c020            2c020        0     1                 $d.163
           2c020            2c020      500     1                 textBoxes
           2c520            2c520        4     4         /tmp/main-acab56.o:(.bss.lastkey)
           2c520            2c520        0     1                 $d.164
           2c520            2c520        4     1                 lastkey
           2c524            2c524        4     4         /tmp/main-acab56.o:(.bss.lastkeydown)
           2c524            2c524        0     1                 $d.165
           2c524            2c524        4     1                 lastkeydown
           2c528            2c528      500     8         /tmp/main-acab56.o:(.bss.checkBoxes)
           2c528            2c528        0     1                 $d.166
           2c528            2c528      500     1                 checkBoxes
           2ca28            2ca28      600     8         /tmp/main-acab56.o:(.bss.buttons)
           2ca28            2ca28        0     1                 $d.167
           2ca28            2ca28      600     1                 buttons
           2d028            2d028        4     4         /tmp/main-acab56.o:(.bss.suspended)
           2d028            2d028        0     1                 $d.168
           2d028            2d028        4     1                 suspended
           2d02c            2d02c       38     4         /tmp/main-acab56.o:(.bss.ginfo)
           2d02c            2d02c        0     1                 $d.169
           2d02c            2d02c       38     1                 ginfo
           2d064            2d064     2000     4         /tmp/main-acab56.o:(.bss.gsData)
           2d064            2d064        0     1                 $d.170
           2d064            2d064     2000     1                 gsData
           2f064            2f064        4     4         /tmp/main-acab56.o:(.bss.hLayout)
           2f064            2f064        0     1                 $d.171
           2f064            2f064        4     1                 hLayout
           2f068            2f068        4     4         /tmp/main-acab56.o:(.bss.vLayout)
           2f068            2f068        0     1                 $d.172
           2f068            2f068        4     1                 vLayout
           2f06c            2f06c        1     4         /tmp/main-acab56.o:(.bss.isauto)
           2f06c            2f06c        0     1                 $d.173
           2f06c            2f06c        1     1                 isauto
           2f070            2f070        2     4         /tmp/main-acab56.o:(.bss.screenx)
           2f070            2f070        0     1                 $d.174
           2f070            2f070        2     1                 screenx
           2f074            2f074        2     4         /tmp/main-acab56.o:(.bss.screeny)
           2f074            2f074        0     1                 $d.175
           2f074            2f074        2     1                 screeny
           2f078            2f078        8     8         /tmp/android_native_app_glue-23d0a2.o:(.bss.gapp)
           2f078            2f078        0     1                 $d.31
           2f078            2f078        8     1                 gapp
           2f080            2f080        8     8         /tmp/android_native_app_glue-23d0a2.o:(.bss.debug_capture_thread)
           2f080            2f080        0     1                 $d.32
           2f080            2f080        8     1                 debug_capture_thread
           2f088            2f088        8     4         /tmp/android_native_app_glue-23d0a2.o:(.bss.pfd)
           2f088            2f088        8     1                 pfd
           2f088            2f088        0     1                 $d.33
               0                0       cc     1 .comment
               0                0       cc     1         <internal>:(.comment)
               0                0       e7     1 .shstrtab
               0                0       e7     1         <internal>:(.shstrtab)
