             VMA              LMA     Size Align Out     In      Symbol
             270              270       98     4 .note.android.ident
             270              270       98     4         /opt/android-sdk/android-ndk-r27c/toolchains/llvm/prebuilt/linux-x86_64/bin/../sysroot/usr/lib/aarch64-linux-android/30/crtbegin_so.o:(.note.android.ident)
             270              270       98     1                 note_android_ident
             270              270        0     1                 $d.0
             27c              27c        0     1                 note_name
             284              284        0     1                 note_data
             288              288        0     1                 ndk_version
             2c8              2c8        0     1                 ndk_build_number
             308              308        0     1                 note_end
             308              308      9f0     8 .dynsym
             308              308      9f0     8         <internal>:(.dynsym)
             cf8              cf8       d4     2 .gnu.version
             cf8              cf8       d4     2         <internal>:(.gnu.version)
             dcc              dcc       20     4 .gnu.version_r
             dcc              dcc       20     4         <internal>:(.gnu.version_r)
             df0              df0       20     8 .gnu.hash
             df0              df0       20     8         <internal>:(.gnu.hash)
             e10              e10      6bf     1 .dynstr
             e10              e10      6bf     1         <internal>:(.dynstr)
            14d0             14d0       90     8 .rela.dyn
            14d0             14d0       90     8         <internal>:(.rela.dyn)
            1560             1560      990     8 .rela.plt
            1560             1560      990     8         <internal>:(.rela.plt)
            1ef0             1ef0     15a1     8 .rodata
            1ef0             1ef0       18     8         <internal>:(.rodata.cst8)
            1f08             1f08      dba     1         <internal>:(.rodata.str1.1)
            2cc4             2cc4       44     4         /tmp/main-bc4771.o:(.rodata.config_attribute_list)
            2cc4             2cc4       44     1                 config_attribute_list
            2cc4             2cc4        0     1                 $d.98
            2d08             2d08        c     4         /tmp/main-bc4771.o:(.rodata.context_attribute_list)
            2d08             2d08        c     1                 context_attribute_list
            2d08             2d08        0     1                 $d.100
            2d14             2d14      200     2         /tmp/main-bc4771.o:(.rodata.RawdrawFontCharMap)
            2d14             2d14        0     1                 $d.105
            2d14             2d14      200     1                 RawdrawFontCharMap
            2f14             2f14      57d     1         /tmp/main-bc4771.o:(.rodata.RawdrawFontCharData)
            2f14             2f14        0     1                 $d.106
            2f14             2f14      57d     1                 RawdrawFontCharData
            3494             3494      20c     4 .eh_frame_hdr
            3494             3494      20c     4         <internal>:(.eh_frame_hdr)
            36a0             36a0      c0c     8 .eh_frame
            36a0             36a0       90     1         /opt/android-sdk/android-ndk-r27c/toolchains/llvm/prebuilt/linux-x86_64/bin/../sysroot/usr/lib/aarch64-linux-android/30/crtbegin_so.o:(.eh_frame+0x0)
            3730             3730       cc     1         /tmp/main-bc4771.o:(.eh_frame+0x28)
            37fc             37fc       90     1         /tmp/main-bc4771.o:(.eh_frame+0x11c)
            388c             388c      1b8     1         /tmp/main-bc4771.o:(.eh_frame+0x1c0)
            3a44             3a44       3c     1         /tmp/main-bc4771.o:(.eh_frame+0x3ac)
            3a80             3a80       34     1         /tmp/main-bc4771.o:(.eh_frame+0x49c)
            3ab4             3ab4       90     1         /tmp/main-bc4771.o:(.eh_frame+0x530)
            3b44             3b44       54     1         /tmp/main-bc4771.o:(.eh_frame+0x5d4)
            3b98             3b98       8c     1         /tmp/main-bc4771.o:(.eh_frame+0x670)
            3c24             3c24       28     1         /tmp/main-bc4771.o:(.eh_frame+0x804)
            3c4c             3c4c       a4     1         /tmp/main-bc4771.o:(.eh_frame+0xb64)
            3cf0             3cf0       34     1         /tmp/main-bc4771.o:(.eh_frame+0xc58)
            3d24             3d24       34     1         /tmp/main-bc4771.o:(.eh_frame+0xccc)
            3d58             3d58       14     1         /tmp/main-bc4771.o:(.eh_frame+0xd14)
            3d6c             3d6c       34     1         /tmp/main-bc4771.o:(.eh_frame+0xd3c)
            3da0             3da0       f4     1         /tmp/android_native_app_glue-627a2d.o:(.eh_frame+0x14)
            3e94             3e94      270     1         /tmp/android_native_app_glue-627a2d.o:(.eh_frame+0x11c)
            4104             4104      1a4     1         /tmp/android_native_app_glue-627a2d.o:(.eh_frame+0x3b4)
            52ac             52ac     372c     4 .text
            52ac             52ac       60     4         /opt/android-sdk/android-ndk-r27c/toolchains/llvm/prebuilt/linux-x86_64/bin/../sysroot/usr/lib/aarch64-linux-android/30/crtbegin_so.o:(.text)
            52ac             52ac       10     1                 __on_dlclose
            52ac             52ac        0     1                 $x.1
            52bc             52bc        8     1                 __emutls_unregister_key
            52c4             52c4        8     1                 __on_dlclose_late
            52cc             52cc       14     1                 __atexit_handler_wrapper
            52e0             52e0       1c     1                 atexit
            52fc             52fc       10     1                 pthread_atfork
            530c             530c       f0     4         /tmp/main-bc4771.o:(.text.CNFGSwapBuffers)
            530c             530c        0     1                 $x.1
            530c             530c       f0     1                 CNFGSwapBuffers
            53fc             53fc       8c     4         /tmp/main-bc4771.o:(.text.CNFGInternalResize)
            53fc             53fc        0     1                 $x.2
            53fc             53fc       8c     1                 CNFGInternalResize
            5488             5488       50     4         /tmp/main-bc4771.o:(.text.CNFGGetDimensions)
            5488             5488        0     1                 $x.3
            5488             5488       50     1                 CNFGGetDimensions
            54d8             54d8      35c     4         /tmp/main-bc4771.o:(.text.CNFGSetup)
            54d8             54d8        0     1                 $x.4
            54d8             54d8      35c     1                 CNFGSetup
            5834             5834      198     4         /tmp/main-bc4771.o:(.text.handle_input)
            5834             5834        0     1                 $x.6
            5834             5834      198     1                 handle_input
            59cc             59cc      140     4         /tmp/main-bc4771.o:(.text.HandleButton)
            59cc             59cc        0     1                 $x.7
            59cc             59cc      140     1                 HandleButton
            5b0c             5b0c      128     4         /tmp/main-bc4771.o:(.text.AndroidGetUnicodeChar)
            5b0c             5b0c        0     1                 $x.9
            5b0c             5b0c      128     1                 AndroidGetUnicodeChar
            5c34             5c34      12c     4         /tmp/main-bc4771.o:(.text.HandleKey)
            5c34             5c34        0     1                 $x.10
            5c34             5c34      12c     1                 HandleKey
            5d60             5d60       70     4         /tmp/main-bc4771.o:(.text.CNFGHandleInput)
            5d60             5d60        0     1                 $x.11
            5d60             5d60       70     1                 CNFGHandleInput
            5dd0             5dd0      160     4         /tmp/main-bc4771.o:(.text.handle_cmd)
            5dd0             5dd0        0     1                 $x.12
            5dd0             5dd0      160     1                 handle_cmd
            5f30             5f30       78     4         /tmp/main-bc4771.o:(.text.android_main)
            5f30             5f30        0     1                 $x.13
            5f30             5f30       78     1                 android_main
            5fa8             5fa8      4f4     4         /tmp/main-bc4771.o:(.text.main)
            5fa8             5fa8        0     1                 $x.15
            5fa8             5fa8      4f4     1                 main
            649c             649c      488     4         /tmp/main-bc4771.o:(.text.AndroidMakeFullscreen)
            649c             649c        0     1                 $x.16
            649c             649c      488     1                 AndroidMakeFullscreen
            6924             6924      314     4         /tmp/main-bc4771.o:(.text.AndroidDisplayKeyboard)
            6924             6924        0     1                 $x.18
            6924             6924      314     1                 AndroidDisplayKeyboard
            6c38             6c38       d0     4         /tmp/main-bc4771.o:(.text.AndroidSendToBack)
            6c38             6c38        0     1                 $x.22
            6c38             6c38       d0     1                 AndroidSendToBack
            6d08             6d08       a8     4         /tmp/main-bc4771.o:(.text.CNFGTackSegment)
            6d08             6d08        0     1                 $x.26
            6d08             6d08       a8     1                 CNFGTackSegment
            6db0             6db0      174     4         /tmp/main-bc4771.o:(.text.CNFGDrawText)
            6db0             6db0        0     1                 $x.27
            6db0             6db0      174     1                 CNFGDrawText
            6f24             6f24       4c     4         /tmp/main-bc4771.o:(.text.CNFGTackPixel)
            6f24             6f24        0     1                 $x.28
            6f24             6f24       4c     1                 CNFGTackPixel
            6f70             6f70       d4     4         /tmp/main-bc4771.o:(.text.EmitQuad)
            6f70             6f70       d4     1                 EmitQuad
            6f70             6f70        0     1                 $x.30
            7044             7044      244     4         /tmp/main-bc4771.o:(.text.CNFGGLInternalLoadShader)
            7044             7044        0     1                 $x.33
            7044             7044      244     1                 CNFGGLInternalLoadShader
            7288             7288      104     4         /tmp/main-bc4771.o:(.text.CNFGSetupBatchInternal)
            7288             7288        0     1                 $x.34
            7288             7288      104     1                 CNFGSetupBatchInternal
            738c             738c       bc     4         /tmp/main-bc4771.o:(.text.CNFGEmitBackendTriangles)
            738c             738c        0     1                 $x.35
            738c             738c       bc     1                 CNFGEmitBackendTriangles
            7448             7448       60     4         /tmp/main-bc4771.o:(.text.CNFGClearFrame)
            7448             7448        0     1                 $x.42
            7448             7448       60     1                 CNFGClearFrame
            74a8             74a8      524     4         /tmp/main-bc4771.o:(.text.MakeNotification)
            74a8             74a8        0     1                 $x.72
            74a8             74a8      524     1                 MakeNotification
            79cc             79cc       4c     4         /tmp/main-bc4771.o:(.text.strappend)
            79cc             79cc        0     1                 $x.73
            79cc             79cc       4c     1                 strappend
            7a18             7a18       48     4         /tmp/main-bc4771.o:(.text.strbackspace)
            7a18             7a18        0     1                 $x.74
            7a18             7a18       48     1                 strbackspace
            7a60             7a60       90     4         /tmp/main-bc4771.o:(.text.centerText)
            7a60             7a60        0     1                 $x.79
            7a60             7a60       90     1                 centerText
            7af0             7af0       e0     4         /tmp/main-bc4771.o:(.text.renderButton)
            7af0             7af0        0     1                 $x.81
            7af0             7af0       e0     1                 renderButton
            7bd0             7bd0       28     4         /tmp/main-bc4771.o:(.text.btnClicked)
            7bd0             7bd0        0     1                 $x.83
            7bd0             7bd0       28     1                 btnClicked
            7bf8             7bf8      114     4         /tmp/main-bc4771.o:(.text.renderTextBox)
            7bf8             7bf8        0     1                 $x.85
            7bf8             7bf8      114     1                 renderTextBox
            7d0c             7d0c       60     4         /tmp/android_native_app_glue-627a2d.o:(.text.android_app_read_cmd)
            7d0c             7d0c        0     1                 $x.0
            7d0c             7d0c       60     1                 android_app_read_cmd
            7d6c             7d6c       3c     4         /tmp/android_native_app_glue-627a2d.o:(.text.free_saved_state)
            7d6c             7d6c       3c     1                 free_saved_state
            7d6c             7d6c        0     1                 $x.1
            7da8             7da8      160     4         /tmp/android_native_app_glue-627a2d.o:(.text.android_app_pre_exec_cmd)
            7da8             7da8        0     1                 $x.2
            7da8             7da8      160     1                 android_app_pre_exec_cmd
            7f08             7f08       9c     4         /tmp/android_native_app_glue-627a2d.o:(.text.android_app_post_exec_cmd)
            7f08             7f08        0     1                 $x.3
            7f08             7f08       9c     1                 android_app_post_exec_cmd
            7fa4             7fa4      284     4         /tmp/android_native_app_glue-627a2d.o:(.text.ANativeActivity_onCreate)
            7fa4             7fa4        0     1                 $x.5
            7fa4             7fa4      284     1                 ANativeActivity_onCreate
            8228             8228       88     4         /tmp/android_native_app_glue-627a2d.o:(.text.onDestroy)
            8228             8228       88     1                 onDestroy
            8228             8228        0     1                 $x.6
            82b0             82b0       34     4         /tmp/android_native_app_glue-627a2d.o:(.text.onStart)
            82b0             82b0       34     1                 onStart
            82b0             82b0        0     1                 $x.7
            82e4             82e4       34     4         /tmp/android_native_app_glue-627a2d.o:(.text.onResume)
            82e4             82e4       34     1                 onResume
            82e4             82e4        0     1                 $x.8
            8318             8318       90     4         /tmp/android_native_app_glue-627a2d.o:(.text.onSaveInstanceState)
            8318             8318       90     1                 onSaveInstanceState
            8318             8318        0     1                 $x.9
            83a8             83a8       34     4         /tmp/android_native_app_glue-627a2d.o:(.text.onPause)
            83a8             83a8       34     1                 onPause
            83a8             83a8        0     1                 $x.10
            83dc             83dc       34     4         /tmp/android_native_app_glue-627a2d.o:(.text.onStop)
            83dc             83dc       34     1                 onStop
            83dc             83dc        0     1                 $x.11
            8410             8410       34     4         /tmp/android_native_app_glue-627a2d.o:(.text.onConfigurationChanged)
            8410             8410       34     1                 onConfigurationChanged
            8410             8410        0     1                 $x.12
            8444             8444       34     4         /tmp/android_native_app_glue-627a2d.o:(.text.onLowMemory)
            8444             8444       34     1                 onLowMemory
            8444             8444        0     1                 $x.13
            8478             8478       44     4         /tmp/android_native_app_glue-627a2d.o:(.text.onWindowFocusChanged)
            8478             8478       44     1                 onWindowFocusChanged
            8478             8478        0     1                 $x.14
            84bc             84bc       3c     4         /tmp/android_native_app_glue-627a2d.o:(.text.onNativeWindowCreated)
            84bc             84bc       3c     1                 onNativeWindowCreated
            84bc             84bc        0     1                 $x.15
            84f8             84f8       38     4         /tmp/android_native_app_glue-627a2d.o:(.text.onNativeWindowDestroyed)
            84f8             84f8       38     1                 onNativeWindowDestroyed
            84f8             84f8        0     1                 $x.16
            8530             8530       3c     4         /tmp/android_native_app_glue-627a2d.o:(.text.onInputQueueCreated)
            8530             8530       3c     1                 onInputQueueCreated
            8530             8530        0     1                 $x.17
            856c             856c       38     4         /tmp/android_native_app_glue-627a2d.o:(.text.onInputQueueDestroyed)
            856c             856c       38     1                 onInputQueueDestroyed
            856c             856c        0     1                 $x.18
            85a4             85a4       14     4         /tmp/android_native_app_glue-627a2d.o:(.text.onNativeWindowRedrawNeeded)
            85a4             85a4       14     1                 onNativeWindowRedrawNeeded
            85a4             85a4        0     1                 $x.19
            85b8             85b8       58     4         /tmp/android_native_app_glue-627a2d.o:(.text.android_app_write_cmd)
            85b8             85b8       58     1                 android_app_write_cmd
            85b8             85b8        0     1                 $x.21
            8610             8610       60     4         /tmp/android_native_app_glue-627a2d.o:(.text.android_app_set_activity_state)
            8610             8610       60     1                 android_app_set_activity_state
            8610             8610        0     1                 $x.22
            8670             8670       88     4         /tmp/android_native_app_glue-627a2d.o:(.text.android_app_set_window)
            8670             8670       88     1                 android_app_set_window
            8670             8670        0     1                 $x.23
            86f8             86f8       5c     4         /tmp/android_native_app_glue-627a2d.o:(.text.android_app_set_input)
            86f8             86f8       5c     1                 android_app_set_input
            86f8             86f8        0     1                 $x.24
            8754             8754       90     4         /tmp/android_native_app_glue-627a2d.o:(.text.debug_capture_thread_fn)
            8754             8754       90     1                 debug_capture_thread_fn
            8754             8754        0     1                 $x.25
            87e4             87e4       3c     4         /tmp/android_native_app_glue-627a2d.o:(.text.process_ui)
            87e4             87e4       3c     1                 process_ui
            87e4             87e4        0     1                 $x.26
            8820             8820       f8     4         /tmp/android_native_app_glue-627a2d.o:(.text.android_app_entry)
            8820             8820       f8     1                 android_app_entry
            8820             8820        0     1                 $x.27
            8918             8918       4c     4         /tmp/android_native_app_glue-627a2d.o:(.text.process_cmd)
            8918             8918       4c     1                 process_cmd
            8918             8918        0     1                 $x.28
            8964             8964       74     4         /tmp/android_native_app_glue-627a2d.o:(.text.process_input)
            8964             8964       74     1                 process_input
            8964             8964        0     1                 $x.29
            89e0             89e0      680    16 .plt
            89e0             89e0      680    16         <internal>:(.plt)
            a060             a060        8     8 .data.rel.ro
            a060             a060        8     8         /opt/android-sdk/android-ndk-r27c/toolchains/llvm/prebuilt/linux-x86_64/bin/../sysroot/usr/lib/aarch64-linux-android/30/crtbegin_so.o:(.data.rel.ro)
            a060             a060        0     1                 $d.2
            a060             a060        8     1                 __dso_handle
            a068             a068       10     8 .fini_array
            a068             a068        8     8         /opt/android-sdk/android-ndk-r27c/toolchains/llvm/prebuilt/linux-x86_64/bin/../sysroot/usr/lib/aarch64-linux-android/30/crtbegin_so.o:(.fini_array.0)
            a068             a068        0     1                 $d.3
            a070             a070        8     8         /opt/android-sdk/android-ndk-r27c/toolchains/llvm/prebuilt/linux-x86_64/bin/../sysroot/usr/lib/aarch64-linux-android/30/crtbegin_so.o:(.fini_array)
            a070             a070        0     1                 $d.4
            a078             a078      1d0     8 .dynamic
            a078             a078      1d0     8         <internal>:(.dynamic)
            a248             a248       18     8 .got
            a248             a248       18     8         <internal>:(.got)
            a260             a260      348     8 .got.plt
            a260             a260      348     8         <internal>:(.got.plt)
            a5a8             a5a8      a58     1 .relro_padding
            a5a8             a5a8        0     1         <internal>:(.relro_padding)
            b5a8             b5a8       20     4 .data
            b5a8             b5a8        4     4         /tmp/main-bc4771.o:(.data.window_attribute_list)
            b5a8             b5a8        4     1                 window_attribute_list
            b5a8             b5a8        0     1                 $d.102
            b5ac             b5ac        4     4         /tmp/main-bc4771.o:(.data.wgl_last_width_over_2)
            b5ac             b5ac        4     1                 wgl_last_width_over_2
            b5ac             b5ac        0     1                 $d.111
            b5b0             b5b0        4     4         /tmp/main-bc4771.o:(.data.gRDShaderProg)
            b5b0             b5b0        0     1                 $d.115
            b5b0             b5b0        4     1                 gRDShaderProg
            b5b4             b5b4        4     4         /tmp/main-bc4771.o:(.data.gRDBlitProg)
            b5b4             b5b4        0     1                 $d.116
            b5b4             b5b4        4     1                 gRDBlitProg
            b5b8             b5b8        4     4         /tmp/main-bc4771.o:(.data.gRDShaderProgUX)
            b5b8             b5b8        0     1                 $d.117
            b5b8             b5b8        4     1                 gRDShaderProgUX
            b5bc             b5bc        4     4         /tmp/main-bc4771.o:(.data.gRDBlitProgUX)
            b5bc             b5bc        0     1                 $d.118
            b5bc             b5bc        4     1                 gRDBlitProgUX
            b5c0             b5c0        4     4         /tmp/main-bc4771.o:(.data.gRDBlitProgUT)
            b5c0             b5c0        0     1                 $d.119
            b5c0             b5c0        4     1                 gRDBlitProgUT
            b5c4             b5c4        4     4         /tmp/main-bc4771.o:(.data.gRDBlitProgTex)
            b5c4             b5c4        0     1                 $d.120
            b5c4             b5c4        4     1                 gRDBlitProgTex
            b5c8             b5c8    20be0     8 .bss
            b5c8             b5c8        4     4         /tmp/main-bc4771.o:(.bss.override_android_screen_dimensons)
            b5c8             b5c8        0     1                 $d.88
            b5c8             b5c8        4     1                 override_android_screen_dimensons
            b5d0             b5d0        8     8         /tmp/main-bc4771.o:(.bss.egl_display)
            b5d0             b5d0        0     1                 $d.89
            b5d0             b5d0        8     1                 egl_display
            b5d8             b5d8        8     8         /tmp/main-bc4771.o:(.bss.egl_surface)
            b5d8             b5d8        0     1                 $d.90
            b5d8             b5d8        8     1                 egl_surface
            b5e0             b5e0        8     8         /tmp/main-bc4771.o:(.bss.native_window)
            b5e0             b5e0        0     1                 $d.91
            b5e0             b5e0        8     1                 native_window
            b5e8             b5e8        4     4         /tmp/main-bc4771.o:(.bss.android_width)
            b5e8             b5e8        0     1                 $d.92
            b5e8             b5e8        4     1                 android_width
            b5ec             b5ec        4     4         /tmp/main-bc4771.o:(.bss.android_height)
            b5ec             b5ec        0     1                 $d.93
            b5ec             b5ec        4     1                 android_height
            b5f0             b5f0        2     4         /tmp/main-bc4771.o:(.bss.iLastInternalW)
            b5f0             b5f0        2     1                 iLastInternalW
            b5f0             b5f0        0     1                 $d.94
            b5f4             b5f4        2     4         /tmp/main-bc4771.o:(.bss.iLastInternalH)
            b5f4             b5f4        2     1                 iLastInternalH
            b5f4             b5f4        0     1                 $d.95
            b5f8             b5f8        1     4         /tmp/main-bc4771.o:(.bss.OGLESStarted)
            b5f8             b5f8        1     1                 OGLESStarted
            b5f8             b5f8        0     1                 $d.96
            b600             b600        8     8         /tmp/main-bc4771.o:(.bss.egl_config)
            b600             b600        0     1                 $d.99
            b600             b600        8     1                 egl_config
            b608             b608        8     8         /tmp/main-bc4771.o:(.bss.egl_context)
            b608             b608        0     1                 $d.101
            b608             b608        8     1                 egl_context
            b610             b610        8     8         /tmp/main-bc4771.o:(.bss.HandleCustomEventCallback)
            b610             b610        0     1                 $d.103
            b610             b610        8     1                 HandleCustomEventCallback
            b618             b618        4     4         /tmp/main-bc4771.o:(.bss.android_sdk_version)
            b618             b618        0     1                 $d.104
            b618             b618        4     1                 android_sdk_version
            b61c             b61c        4     4         /tmp/main-bc4771.o:(.bss.CNFGLastColor)
            b61c             b61c        0     1                 $d.107
            b61c             b61c        4     1                 CNFGLastColor
            b620             b620        4     4         /tmp/main-bc4771.o:(.bss.CNFGPenX)
            b620             b620        0     1                 $d.109
            b620             b620        4     1                 CNFGPenX
            b624             b624        4     4         /tmp/main-bc4771.o:(.bss.CNFGPenY)
            b624             b624        0     1                 $d.110
            b624             b624        4     1                 CNFGPenY
            b628             b628        4     4         /tmp/main-bc4771.o:(.bss.CNFGVertPlace)
            b628             b628        0     1                 $d.112
            b628             b628        4     1                 CNFGVertPlace
            b62c             b62c    18000     4         /tmp/main-bc4771.o:(.bss.CNFGVertDataV)
            b62c             b62c        0     1                 $d.113
            b62c             b62c    18000     1                 CNFGVertDataV
           2362c            2362c     8000     4         /tmp/main-bc4771.o:(.bss.CNFGVertDataC)
           2362c            2362c        0     1                 $d.114
           2362c            2362c     8000     1                 CNFGVertDataC
           2b62c            2b62c        4     4         /tmp/main-bc4771.o:(.bss.gRDLastResizeW)
           2b62c            2b62c        0     1                 $d.121
           2b62c            2b62c        4     1                 gRDLastResizeW
           2b630            2b630        4     4         /tmp/main-bc4771.o:(.bss.gRDLastResizeH)
           2b630            2b630        0     1                 $d.122
           2b630            2b630        4     1                 gRDLastResizeH
           2b634            2b634        4     4         /tmp/main-bc4771.o:(.bss.CNFGBGColor)
           2b634            2b634        0     1                 $d.124
           2b634            2b634        4     1                 CNFGBGColor
           2b638            2b638        4     4         /tmp/main-bc4771.o:(.bss.frames)
           2b638            2b638        0     1                 $d.133
           2b638            2b638        4     1                 frames
           2b640            2b640        8     8         /tmp/main-bc4771.o:(.bss.iframeno)
           2b640            2b640        0     1                 $d.134
           2b640            2b640        8     1                 iframeno
           2b648            2b648        4     4         /tmp/main-bc4771.o:(.bss.lastbuttonx)
           2b648            2b648        0     1                 $d.135
           2b648            2b648        4     1                 lastbuttonx
           2b64c            2b64c        4     4         /tmp/main-bc4771.o:(.bss.lastbuttony)
           2b64c            2b64c        0     1                 $d.136
           2b64c            2b64c        4     1                 lastbuttony
           2b650            2b650        4     4         /tmp/main-bc4771.o:(.bss.lastmotionx)
           2b650            2b650        0     1                 $d.137
           2b650            2b650        4     1                 lastmotionx
           2b654            2b654        4     4         /tmp/main-bc4771.o:(.bss.lastmotiony)
           2b654            2b654        0     1                 $d.138
           2b654            2b654        4     1                 lastmotiony
           2b658            2b658        4     4         /tmp/main-bc4771.o:(.bss.lastbid)
           2b658            2b658        0     1                 $d.139
           2b658            2b658        4     1                 lastbid
           2b65c            2b65c        4     4         /tmp/main-bc4771.o:(.bss.lastmask)
           2b65c            2b65c        0     1                 $d.140
           2b65c            2b65c        4     1                 lastmask
           2b660            2b660        4     4         /tmp/main-bc4771.o:(.bss.MakeNotification.id)
           2b660            2b660        4     1                 MakeNotification.id
           2b660            2b660        0     1                 $d.145
           2b664            2b664        4     4         /tmp/main-bc4771.o:(.bss.buttonsN)
           2b664            2b664        0     1                 $d.146
           2b664            2b664        4     1                 buttonsN
           2b668            2b668        4     4         /tmp/main-bc4771.o:(.bss.focusedTextBox)
           2b668            2b668        0     1                 $d.147
           2b668            2b668        4     1                 focusedTextBox
           2b66c            2b66c        4     4         /tmp/main-bc4771.o:(.bss.textBoxesN)
           2b66c            2b66c        0     1                 $d.148
           2b66c            2b66c        4     1                 textBoxesN
           2b670            2b670      500     8         /tmp/main-bc4771.o:(.bss.textBoxes)
           2b670            2b670        0     1                 $d.149
           2b670            2b670      500     1                 textBoxes
           2bb70            2bb70        4     4         /tmp/main-bc4771.o:(.bss.lastkey)
           2bb70            2bb70        0     1                 $d.150
           2bb70            2bb70        4     1                 lastkey
           2bb74            2bb74        4     4         /tmp/main-bc4771.o:(.bss.lastkeydown)
           2bb74            2bb74        0     1                 $d.151
           2bb74            2bb74        4     1                 lastkeydown
           2bb78            2bb78      600     8         /tmp/main-bc4771.o:(.bss.buttons)
           2bb78            2bb78        0     1                 $d.152
           2bb78            2bb78      600     1                 buttons
           2c178            2c178        4     4         /tmp/main-bc4771.o:(.bss.suspended)
           2c178            2c178        0     1                 $d.153
           2c178            2c178        4     1                 suspended
           2c17c            2c17c        2     4         /tmp/main-bc4771.o:(.bss.screenx)
           2c17c            2c17c        0     1                 $d.154
           2c17c            2c17c        2     1                 screenx
           2c180            2c180        2     4         /tmp/main-bc4771.o:(.bss.screeny)
           2c180            2c180        0     1                 $d.155
           2c180            2c180        2     1                 screeny
           2c184            2c184        4     4         /tmp/main-bc4771.o:(.bss.hLayout)
           2c184            2c184        0     1                 $d.156
           2c184            2c184        4     1                 hLayout
           2c188            2c188        4     4         /tmp/main-bc4771.o:(.bss.vLayout)
           2c188            2c188        0     1                 $d.157
           2c188            2c188        4     1                 vLayout
           2c190            2c190        8     8         /tmp/android_native_app_glue-627a2d.o:(.bss.gapp)
           2c190            2c190        0     1                 $d.31
           2c190            2c190        8     1                 gapp
           2c198            2c198        8     8         /tmp/android_native_app_glue-627a2d.o:(.bss.debug_capture_thread)
           2c198            2c198        0     1                 $d.32
           2c198            2c198        8     1                 debug_capture_thread
           2c1a0            2c1a0        8     4         /tmp/android_native_app_glue-627a2d.o:(.bss.pfd)
           2c1a0            2c1a0        8     1                 pfd
           2c1a0            2c1a0        0     1                 $d.33
               0                0       cc     1 .comment
               0                0       cc     1         <internal>:(.comment)
               0                0       e7     1 .shstrtab
               0                0       e7     1         <internal>:(.shstrtab)
